argv[0])(after)=./NOARCH.x
argv[1])(after)=in
argv[2])(after)=out
Rank=0 init_qmp() done
Node 0: GlobalJobParameter::setArg(): argc=0x7ffd6f27feec argv=0x7ffd6f27fee0
Node 0: ::use_omegas: omega(14): 
Node 0: ::use_omegas: b[s=0] = 8.5827749150e-01 + i 0.0000000000e+00, c[s=0] = -1.4172250850e-01 + i 0.0000000000e+00
Node 0: ::use_omegas: b[s=1] = 1.0724389531e+00 + i 0.0000000000e+00, c[s=1] = 7.2438953135e-02 + i 0.0000000000e+00
Node 0: ::use_omegas: b[s=2] = 1.3365585388e+00 + i 0.0000000000e+00, c[s=2] = 3.3655853880e-01 + i 0.0000000000e+00
Node 0: ::use_omegas: b[s=3] = 1.8983626463e+00 + i 0.0000000000e+00, c[s=3] = 8.9836264627e-01 + i 0.0000000000e+00
Node 0: ::use_omegas: b[s=4] = 3.3318058873e+00 + i 0.0000000000e+00, c[s=4] = 2.3318058873e+00 + i 0.0000000000e+00
Node 0: ::use_omegas: b[s=5] = 5.5401191646e+00 + i -1.3034598594e+00, c[s=5] = 4.5401191646e+00 + i -1.3034598594e+00
Node 0: ::use_omegas: b[s=6] = 4.3065615785e+00 + i -4.1198963406e+00, c[s=6] = 3.3065615785e+00 + i -4.1198963406e+00
Node 0: ::use_omegas: b[s=7] = 4.3065615785e+00 + i 4.1198963406e+00, c[s=7] = 3.3065615785e+00 + i 4.1198963406e+00
Node 0: ::use_omegas: b[s=8] = 5.5401191646e+00 + i 1.3034598594e+00, c[s=8] = 4.5401191646e+00 + i 1.3034598594e+00
Node 0: ::use_omegas: b[s=9] = 4.6807196331e+00 + i 0.0000000000e+00, c[s=9] = 3.6807196331e+00 + i 0.0000000000e+00
Node 0: ::use_omegas: b[s=10] = 2.4479066972e+00 + i 0.0000000000e+00, c[s=10] = 1.4479066972e+00 + i 0.0000000000e+00
Node 0: ::use_omegas: b[s=11] = 1.5535785586e+00 + i 0.0000000000e+00, c[s=11] = 5.5357855865e-01 + i 0.0000000000e+00
Node 0: ::use_omegas: b[s=12] = 1.2156501487e+00 + i 0.0000000000e+00, c[s=12] = 2.1565014873e-01 + i 0.0000000000e+00
Node 0: ::use_omegas: b[s=13] = 9.1079165417e-01 + i 0.0000000000e+00, c[s=13] = -8.9208345830e-02 + i 0.0000000000e+00
Node 0: ::use_omegas: omega12: 
Node 0: ::use_omegas: b[s=0] = 8.6351481137e-01 + i 0.0000000000e+00, c[s=0] = -1.3648518863e-01 + i 0.0000000000e+00
Node 0: ::use_omegas: b[s=1] = 9.1565443661e-01 + i 0.0000000000e+00, c[s=1] = -8.4345563387e-02 + i 0.0000000000e+00
Node 0: ::use_omegas: b[s=2] = 1.0275921460e+00 + i 0.0000000000e+00, c[s=2] = 2.7592145997e-02 + i 0.0000000000e+00
Node 0: ::use_omegas: b[s=3] = 1.2157925550e+00 + i 0.0000000000e+00, c[s=3] = 2.1579255499e-01 + i 0.0000000000e+00
Node 0: ::use_omegas: b[s=4] = 1.5087002590e+00 + i 0.0000000000e+00, c[s=4] = 5.0870025904e-01 + i 0.0000000000e+00
Node 0: ::use_omegas: b[s=5] = 1.9529681006e+00 + i 0.0000000000e+00, c[s=5] = 9.5296810059e-01 + i 0.0000000000e+00
Node 0: ::use_omegas: b[s=6] = 2.6273687505e+00 + i 0.0000000000e+00, c[s=6] = 1.6273687505e+00 + i 0.0000000000e+00
Node 0: ::use_omegas: b[s=7] = 3.6620258320e+00 + i 0.0000000000e+00, c[s=7] = 2.6620258320e+00 + i 0.0000000000e+00
Node 0: ::use_omegas: b[s=8] = 4.5359181474e+00 + i 9.2750000917e-01, c[s=8] = 3.5359181474e+00 + i 9.2750000917e-01
Node 0: ::use_omegas: b[s=9] = 4.5359181474e+00 + i -9.2750000917e-01, c[s=9] = 3.5359181474e+00 + i -9.2750000917e-01
Node 0: ::use_omegas: b[s=10] = 3.5771768024e+00 + i 3.2011028060e+00, c[s=10] = 2.5771768024e+00 + i 3.2011028060e+00
Node 0: ::use_omegas: b[s=11] = 3.5771768024e+00 + i -3.2011028060e+00, c[s=11] = 2.5771768024e+00 + i -3.2011028060e+00
Node 0: ::use_omegas: omega8_12: 
Node 0: ::use_omegas: b[s=0] = 8.5711214773e-01 + i 0.0000000000e+00, c[s=0] = -1.4288785227e-01 + i 0.0000000000e+00
Node 0: ::use_omegas: b[s=1] = 9.2466527590e-01 + i 0.0000000000e+00, c[s=1] = -7.5334724099e-02 + i 0.0000000000e+00
Node 0: ::use_omegas: b[s=2] = 1.1470837393e+00 + i 0.0000000000e+00, c[s=2] = 1.4708373930e-01 + i 0.0000000000e+00
Node 0: ::use_omegas: b[s=3] = 1.5453238503e+00 + i 0.0000000000e+00, c[s=3] = 5.4532385028e-01 + i 0.0000000000e+00
Node 0: ::use_omegas: b[s=4] = 2.2642519093e+00 + i 0.0000000000e+00, c[s=4] = 1.2642519093e+00 + i 0.0000000000e+00
Node 0: ::use_omegas: b[s=5] = 3.2234018320e+00 + i 0.0000000000e+00, c[s=5] = 2.2234018320e+00 + i 0.0000000000e+00
Node 0: ::use_omegas: b[s=6] = 3.0173792717e+00 + i 1.6624810280e+00, c[s=6] = 2.0173792717e+00 + i 1.6624810280e+00
Node 0: ::use_omegas: b[s=7] = 3.0173792717e+00 + i -1.6624810280e+00, c[s=7] = 2.0173792717e+00 + i -1.6624810280e+00
Node 0: ::use_omegas: omega10_12: 
Node 0: ::use_omegas: b[s=0] = 9.0475845175e-01 + i 1.0432657558e-01, c[s=0] = -9.5241548246e-02 + i 1.0432657558e-01
Node 0: ::use_omegas: b[s=1] = 1.0191991776e+00 + i 0.0000000000e+00, c[s=1] = 1.9199177632e-02 + i 0.0000000000e+00
Node 0: ::use_omegas: b[s=2] = 1.5171278742e+00 + i 0.0000000000e+00, c[s=2] = 5.1712787424e-01 + i 0.0000000000e+00
Node 0: ::use_omegas: b[s=3] = 2.6016916042e+00 + i 3.4015076979e-01, c[s=3] = 1.6016916042e+00 + i 3.4015076979e-01
Node 0: ::use_omegas: b[s=4] = 2.1174876701e+00 + i 1.3786582635e+00, c[s=4] = 1.1174876701e+00 + i 1.3786582635e+00
Node 0: ::use_omegas: b[s=5] = 2.1174876701e+00 + i -1.3786582635e+00, c[s=5] = 1.1174876701e+00 + i -1.3786582635e+00
Node 0: ::use_omegas: b[s=6] = 2.6016916042e+00 + i -3.4015076979e-01, c[s=6] = 1.6016916042e+00 + i -3.4015076979e-01
Node 0: ::use_omegas: b[s=7] = 2.0095509420e+00 + i 0.0000000000e+00, c[s=7] = 1.0095509420e+00 + i 0.0000000000e+00
Node 0: ::use_omegas: b[s=8] = 1.2061413097e+00 + i 0.0000000000e+00, c[s=8] = 2.0614130966e-01 + i 0.0000000000e+00
Node 0: ::use_omegas: b[s=9] = 9.0475845175e-01 + i -1.0432657558e-01, c[s=9] = -9.5241548246e-02 + i -1.0432657558e-01
Node 0: ::use_omegas: omega10_24_4: 
Node 0: ::use_omegas: b[s=0] = 9.5205912245e-01 + i 0.0000000000e+00, c[s=0] = -4.7940877552e-02 + i 0.0000000000e+00
Node 0: ::use_omegas: b[s=1] = 1.0794564216e+00 + i 0.0000000000e+00, c[s=1] = 7.9456421589e-02 + i 0.0000000000e+00
Node 0: ::use_omegas: b[s=2] = 1.3749518435e+00 + i 0.0000000000e+00, c[s=2] = 3.7495184352e-01 + i 0.0000000000e+00
Node 0: ::use_omegas: b[s=3] = 1.9210154413e+00 + i 0.0000000000e+00, c[s=3] = 9.2101544131e-01 + i 0.0000000000e+00
Node 0: ::use_omegas: b[s=4] = 2.8780788524e+00 + i 0.0000000000e+00, c[s=4] = 1.8780788524e+00 + i 0.0000000000e+00
Node 0: ::use_omegas: b[s=5] = 4.5385411559e+00 + i 0.0000000000e+00, c[s=5] = 3.5385411559e+00 + i 0.0000000000e+00
Node 0: ::use_omegas: b[s=6] = 7.4884966918e+00 + i 0.0000000000e+00, c[s=6] = 6.4884966918e+00 + i 0.0000000000e+00
Node 0: ::use_omegas: b[s=7] = 1.1306024827e+01 + i 0.0000000000e+00, c[s=7] = 1.0306024827e+01 + i 0.0000000000e+00
Node 0: ::use_omegas: b[s=8] = 1.0722239283e+01 + i 7.2187196509e+00, c[s=8] = 9.7222392826e+00 + i 7.2187196509e+00
Node 0: ::use_omegas: b[s=9] = 1.0722239283e+01 + i -7.2187196509e+00, c[s=9] = 9.7222392826e+00 + i -7.2187196509e+00
Node 0: ::use_omegas: omega12_24_4: 
Node 0: ::use_omegas: b[s=0] = 9.5857860622e-01 + i 0.0000000000e+00, c[s=0] = -4.1421393776e-02 + i 0.0000000000e+00
Node 0: ::use_omegas: b[s=1] = 1.0224505517e+00 + i 0.0000000000e+00, c[s=1] = 2.2450551684e-02 + i 0.0000000000e+00
Node 0: ::use_omegas: b[s=2] = 1.2093319385e+00 + i 0.0000000000e+00, c[s=2] = 2.0933193855e-01 + i 0.0000000000e+00
Node 0: ::use_omegas: b[s=3] = 1.5208264566e+00 + i 0.0000000000e+00, c[s=3] = 5.2082645664e-01 + i 0.0000000000e+00
Node 0: ::use_omegas: b[s=4] = 2.0215683321e+00 + i 0.0000000000e+00, c[s=4] = 1.0215683321e+00 + i 0.0000000000e+00
Node 0: ::use_omegas: b[s=5] = 2.8079502254e+00 + i 0.0000000000e+00, c[s=5] = 1.8079502254e+00 + i 0.0000000000e+00
Node 0: ::use_omegas: b[s=6] = 4.0407974584e+00 + i 0.0000000000e+00, c[s=6] = 3.0407974584e+00 + i 0.0000000000e+00
Node 0: ::use_omegas: b[s=7] = 6.0079114984e+00 + i 0.0000000000e+00, c[s=7] = 5.0079114984e+00 + i 0.0000000000e+00
Node 0: ::use_omegas: b[s=8] = 9.2571848023e+00 + i 1.1769029218e+00, c[s=8] = 8.2571848023e+00 + i 1.1769029218e+00
Node 0: ::use_omegas: b[s=9] = 9.2571848023e+00 + i -1.1769029218e+00, c[s=9] = 8.2571848023e+00 + i -1.1769029218e+00
Node 0: ::use_omegas: b[s=10] = 7.9472247379e+00 + i 6.8186297293e+00, c[s=10] = 6.9472247379e+00 + i 6.8186297293e+00
Node 0: ::use_omegas: b[s=11] = 7.9472247379e+00 + i -6.8186297293e+00, c[s=11] = 6.9472247379e+00 + i -6.8186297293e+00
